// Jest Snapshot v1, https://goo.gl/fbAQLP

exports[`VirtualTableLayout should render correct layout 1`] = `
<div
  style="height: 100px;"
>
  <table
    minwidth="400px"
    style="min-width: 400px;"
  >
    <!---->
    <table>
      <tr
        row="[object Object]"
        tablerow="[object Object]"
      >
        <td
          colspan="1"
          tablecolumn="[object Object]"
          tablerow="[object Object]"
        />
        <td
          colspan="1"
          tablecolumn="[object Object]"
          tablerow="[object Object]"
        />
        <td
          colspan="1"
          tablecolumn="[object Object]"
          tablerow="[object Object]"
        />
        <td
          colspan="1"
          tablecolumn="[object Object]"
          tablerow="[object Object]"
        />
        <td
          colspan="1"
          tablecolumn="[object Object]"
          tablerow="[object Object]"
        />
      </tr>
    </table>
  </table>
  <table
    minwidth="400px"
    style="min-width: 400px;"
  >
    <!---->
    <tbody>
      <tr
        row="[object Object]"
        tablerow="[object Object]"
      >
        <td
          colspan="1"
          tablecolumn="[object Object]"
          tablerow="[object Object]"
        />
        <td
          colspan="1"
          tablecolumn="[object Object]"
          tablerow="[object Object]"
        />
        <td
          colspan="1"
          tablecolumn="[object Object]"
          tablerow="[object Object]"
        />
        <td
          colspan="1"
          tablecolumn="[object Object]"
          tablerow="[object Object]"
        />
        <td
          colspan="1"
          tablecolumn="[object Object]"
          tablerow="[object Object]"
        />
      </tr>
      <tr
        row="[object Object]"
        tablerow="[object Object]"
      >
        <td
          colspan="1"
          tablecolumn="[object Object]"
          tablerow="[object Object]"
        />
        <td
          colspan="1"
          tablecolumn="[object Object]"
          tablerow="[object Object]"
        />
        <td
          colspan="1"
          tablecolumn="[object Object]"
          tablerow="[object Object]"
        />
        <td
          colspan="1"
          tablecolumn="[object Object]"
          tablerow="[object Object]"
        />
        <td
          colspan="1"
          tablecolumn="[object Object]"
          tablerow="[object Object]"
        />
      </tr>
      <tr
        row="[object Object]"
        tablerow="[object Object]"
      >
        <td
          colspan="1"
          tablecolumn="[object Object]"
          tablerow="[object Object]"
        />
        <td
          colspan="1"
          tablecolumn="[object Object]"
          tablerow="[object Object]"
        />
        <td
          colspan="1"
          tablecolumn="[object Object]"
          tablerow="[object Object]"
        />
        <td
          colspan="1"
          tablecolumn="[object Object]"
          tablerow="[object Object]"
        />
        <td
          colspan="1"
          tablecolumn="[object Object]"
          tablerow="[object Object]"
        />
      </tr>
      <tr
        row="[object Object]"
        tablerow="[object Object]"
      >
        <td
          colspan="1"
          tablecolumn="[object Object]"
          tablerow="[object Object]"
        />
        <td
          colspan="1"
          tablecolumn="[object Object]"
          tablerow="[object Object]"
        />
        <td
          colspan="1"
          tablecolumn="[object Object]"
          tablerow="[object Object]"
        />
        <td
          colspan="1"
          tablecolumn="[object Object]"
          tablerow="[object Object]"
        />
        <td
          colspan="1"
          tablecolumn="[object Object]"
          tablerow="[object Object]"
        />
      </tr>
      <tr
        row="[object Object]"
        tablerow="[object Object]"
      >
        <td
          colspan="1"
          tablecolumn="[object Object]"
          tablerow="[object Object]"
        />
        <td
          colspan="1"
          tablecolumn="[object Object]"
          tablerow="[object Object]"
        />
        <td
          colspan="1"
          tablecolumn="[object Object]"
          tablerow="[object Object]"
        />
        <td
          colspan="1"
          tablecolumn="[object Object]"
          tablerow="[object Object]"
        />
        <td
          colspan="1"
          tablecolumn="[object Object]"
          tablerow="[object Object]"
        />
      </tr>
      <tr
        height="40px"
        row="[object Object]"
        tablerow="[object Object]"
      />
    </tbody>
  </table>
</div>
`;
